// Jest Snapshot v1, https://goo.gl/fbAQLP

exports[`Snapshot test example Shallow render 1`] = `
<h1>
  Hello, 
  world3
  !
</h1>
`;
